Xu, Xu, Xu, Xu, Xu, Xu, Xu, Xu, Xu, Urb, Urb, Urb, Urb, Urb, Urb, Urb, Urb, Urb, Urb
Xu, Xu, Xu, Xu, Urb, Urb, Urb, Urb, Urb, Urb, Urb, Urb, Urb, Urb, Uu^Vud, Urb, Urb^Edt, Urb, Urb
Xu, Xu, Xu, Urb, Urb, Urb, Urb, Urb^Esd, Urb, Urb, Urb, Urb, Urb, Urb, Urb, Urb, Urb, Urb, Xu
Xu, Xu, Urb, Urb, Urb, Urb, Urb, Uu^Vud, Urb, Urb, Urb, Uu^Vud, Urb, Urb, Urb, Urb, Xu, Xu, Urb
Xu, Xu, Urb, Urb, Urb, Urb, Urb, Urb, Urb, Urb, Xu, Urb, Xu, Xu, Xu, Xu, Urb, Urb, Urb
Xu, Xu, Uu^Uf, Urb, Urb, Uu^Vud, Urb, Urb, Xu, Xu, Xu, Xu, Uu^Uf, Urb, Urb, Uu^Uf, Urb, Urb, Urb
Xu, Uu^Uf, Urb, Urb, Urb, Urb, Urb, Xu, Uh, Xu, Urb, Urb, Urb, Urb, Urb, Urb, Urb, Urb^Edt, Urb
Xu, Urb, Xu, Xu, Uh, Uh, Uh, Urb, Uh, Uh, Uh, Urb, Urb, Urb, Urb^Edb, Urb, Urb, Urb, Urb
Xu, Xu, Xu, Xu, Urb, Uh, Uh, Uh, Uh, Uh, Uh, Uh, Urb, Urb^Edb, Urb, Urb, Qxe, Qxe, Qxe
Xu, Xu, Urb, Urb, Urb, Uh, Uh, Uh, Uh, Uu^Uf, Ur, Uh, Urb, Urb, Urb, Qxe, Qxe, Qxe, Qxe
Uu^Uf, Urb, Urb, Urb, Uu^Uf, Uh, Uh, Uh, Uh, Ur, Ur, Ur, Urb, Urb^Edb, Urb^Edb, Qxe, Qxe, Qxe, Qxe
Urb, Urb, Urb, Urb, Uu^Uf, Urb^Emf, Urb^Emf, Uh, Uh, Ur, Uh, Ur, Qxu^Bh\, Qxe, Qxe, Qxe, Qxe, Qxe, Qxe
Urb, Urb, Urb, Urb, Uu^Uf, Urb^Emf, Urb^Emf, Urb^Emf, Uh, Uh, Qxe, Qxe, Qxe, Qxu^Bh\, Qxu^Bh\, Qxe, Qxe, Qxe, Urb
Urb, Urb, Uu^Uf, Uu^Uf, Urb^Ebn, Uu^Vud, Uh^Br\, Uh, Qxe, Qxe, Qxe, Qxe, Qxe, Qxe, Qxe, Qxu^Bh\, Urb, Urb, Urb
Urb, Urb, Urb, Urb, Urb^Esd, Urb, Qxe, Qxe^Br\, Qxe^Br\, Qxe, Qxe, Qxe, Urb, Qxe, Urb, Urb, Urb, Urb, Urb
Urb, Urb, Urb, Uu^Uf, Urb, Qxe, Qxe, Qxe, Qxe, Qxe^Br\, Urb^Br\, Ur, Urb, Urb, Urb, Urb, Urb, Urb^Esd, Ur
Urb, Uu^Uf, Uu^Uf, Urb^Emf, Qxe, Qxe, Qxe, Qxe, Urb, Urb, Urb, Urb^Br|, 1 Gd^Vo, Urb, Urb, Urb, Urb, Urb, Urb
Urb, Uu^Uf, Uu^Uf, Qxe, Qxe, Qxe, Qxe, Qxe, Urb, Urb, Urb, Urb^Br|, Urb, Urb, Urb, Urb, Urb, Urb, Urb
Urb, Uu^Uf, Urb, Qxe, Qxe, Qxe, Urb, Urb, Urb, Urb, Urb, Urb^Br|, Urb, Urb, Urb, Urb, Urb, Urb, Urb
